// Vitest Snapshot v1, https://vitest.dev/guide/snapshot.html

exports[`InterviewRoom shell > matches the three-area workspace composition 1`] = `
<div
  class="flex h-full min-h-full flex-col bg-surface-dim/40"
>
  <header
    class="sticky top-0 z-10 flex h-16 items-center justify-between gap-4 border-b border-outline-variant bg-surface/80 px-gutter backdrop-blur-md"
  >
    <div
      class="flex items-center gap-4"
    >
      <span
        class="font-heading text-section-title font-semibold text-primary"
      >
        Companion
      </span>
      <span
        aria-hidden="true"
        class="h-6 w-px bg-outline-variant"
      />
      <div
        class="flex items-center gap-2"
      >
        <span
          class="font-heading text-section-title text-on-surface"
        >
          Session: 
          Project Deep-Dive
        </span>
        <span
          class="rounded bg-surface-variant px-2 py-1 font-mono text-mono-label text-on-surface-variant"
        >
          Question 
          1
           of 
          5
        </span>
      </div>
    </div>
    <div
      class="flex items-center gap-4"
    >
      <span
        class="flex items-center gap-2 rounded-full border border-primary-container bg-primary-container/10 px-3 py-1.5 text-label-caps font-bold uppercase tracking-wide text-primary-container"
      >
        <span
          aria-hidden="true"
          class="size-2 rounded-full bg-primary-container"
        />
        Ready
      </span>
      <span
        class="flex items-center gap-2 rounded border border-outline-variant bg-surface px-3 py-1.5 font-mono text-mono-label text-on-surface-variant"
      >
        <svg
          aria-hidden="true"
          class="lucide lucide-timer size-4"
          fill="none"
          height="24"
          stroke="currentColor"
          stroke-linecap="round"
          stroke-linejoin="round"
          stroke-width="2"
          viewBox="0 0 24 24"
          width="24"
          xmlns="http://www.w3.org/2000/svg"
        >
          <line
            x1="10"
            x2="14"
            y1="2"
            y2="2"
          />
          <line
            x1="12"
            x2="15"
            y1="14"
            y2="11"
          />
          <circle
            cx="12"
            cy="14"
            r="8"
          />
        </svg>
        10–12 min
      </span>
    </div>
  </header>
  <main
    class="mx-auto flex w-full max-w-container-max flex-1 overflow-hidden"
  >
    <section
      aria-label="Interviewer"
      class="flex w-1/3 min-w-[320px] max-w-[480px] flex-col border-r border-outline-variant bg-surface-container-lowest"
    >
      <div
        class="border-b border-outline-variant p-gutter"
      >
        <div
          class="mb-6 flex items-center gap-3"
        >
          <span
            class="flex size-10 items-center justify-center rounded-full bg-surface-variant text-primary"
          >
            <svg
              aria-hidden="true"
              class="lucide lucide-user size-5"
              fill="none"
              height="24"
              stroke="currentColor"
              stroke-linecap="round"
              stroke-linejoin="round"
              stroke-width="2"
              viewBox="0 0 24 24"
              width="24"
              xmlns="http://www.w3.org/2000/svg"
            >
              <path
                d="M19 21v-2a4 4 0 0 0-4-4H9a4 4 0 0 0-4 4v2"
              />
              <circle
                cx="12"
                cy="7"
                r="4"
              />
            </svg>
          </span>
          <div>
            <h2
              class="font-heading text-section-title text-on-surface"
            >
              Interviewer
            </h2>
            <p
              class="text-label-caps uppercase tracking-wide text-on-surface-variant"
            >
              Senior Engineer
            </p>
          </div>
        </div>
        <div
          class="relative block rounded border border-outline-variant bg-surface p-4"
          style="opacity: 0; transform: translateY(8px);"
        >
          <span
            aria-hidden="true"
            class="absolute inset-y-0 left-0 w-1 rounded-l bg-primary-container"
          />
          <p
            class="ml-2 text-body-lg leading-relaxed text-on-surface"
          >
            Walk me through the realtime pipeline.
          </p>
        </div>
      </div>
      <div
        class="mt-auto"
      >
        <section
          aria-label="Transcript timeline"
          class="border-t border-outline-variant bg-surface-bright p-gutter"
        >
          <h3
            class="mb-4 text-label-caps uppercase tracking-wide text-on-surface-variant"
          >
            Transcript timeline
          </h3>
          <ol
            class="flex flex-col gap-3"
          >
            <li
              aria-current="step"
              class=""
            >
              <div
                class="flex items-start gap-3"
              >
                <span
                  class="mt-0.5 flex size-6 shrink-0 items-center justify-center rounded-full font-mono bg-primary text-on-primary"
                >
                  1
                </span>
                <div
                  class="min-w-0 flex-1"
                >
                  <p
                    class="font-mono font-bold text-primary"
                  >
                    Question 1
                  </p>
                  <p
                    class="text-label-caps uppercase tracking-wide text-on-surface-variant"
                  >
                    <span>
                      Active
                    </span>
                  </p>
                </div>
              </div>
            </li>
            <li
              class="opacity-60"
            >
              <div
                class="flex items-start gap-3"
              >
                <span
                  class="mt-0.5 flex size-6 shrink-0 items-center justify-center rounded-full font-mono border border-outline-variant text-on-surface-variant"
                >
                  2
                </span>
                <div
                  class="min-w-0 flex-1"
                >
                  <p
                    class="font-mono text-on-surface"
                  >
                    Question 2
                  </p>
                  <p
                    class="text-label-caps uppercase tracking-wide text-on-surface-variant"
                  >
                    <span
                      class="sr-only"
                    >
                      Upcoming
                    </span>
                  </p>
                </div>
              </div>
            </li>
            <li
              class="opacity-60"
            >
              <div
                class="flex items-start gap-3"
              >
                <span
                  class="mt-0.5 flex size-6 shrink-0 items-center justify-center rounded-full font-mono border border-outline-variant text-on-surface-variant"
                >
                  3
                </span>
                <div
                  class="min-w-0 flex-1"
                >
                  <p
                    class="font-mono text-on-surface"
                  >
                    Question 3
                  </p>
                  <p
                    class="text-label-caps uppercase tracking-wide text-on-surface-variant"
                  >
                    <span
                      class="sr-only"
                    >
                      Upcoming
                    </span>
                  </p>
                </div>
              </div>
            </li>
            <li
              class="opacity-60"
            >
              <div
                class="flex items-start gap-3"
              >
                <span
                  class="mt-0.5 flex size-6 shrink-0 items-center justify-center rounded-full font-mono border border-outline-variant text-on-surface-variant"
                >
                  4
                </span>
                <div
                  class="min-w-0 flex-1"
                >
                  <p
                    class="font-mono text-on-surface"
                  >
                    Question 4
                  </p>
                  <p
                    class="text-label-caps uppercase tracking-wide text-on-surface-variant"
                  >
                    <span
                      class="sr-only"
                    >
                      Upcoming
                    </span>
                  </p>
                </div>
              </div>
            </li>
            <li
              class="opacity-60"
            >
              <div
                class="flex items-start gap-3"
              >
                <span
                  class="mt-0.5 flex size-6 shrink-0 items-center justify-center rounded-full font-mono border border-outline-variant text-on-surface-variant"
                >
                  5
                </span>
                <div
                  class="min-w-0 flex-1"
                >
                  <p
                    class="font-mono text-on-surface"
                  >
                    Question 5
                  </p>
                  <p
                    class="text-label-caps uppercase tracking-wide text-on-surface-variant"
                  >
                    <span
                      class="sr-only"
                    >
                      Upcoming
                    </span>
                  </p>
                </div>
              </div>
            </li>
          </ol>
        </section>
      </div>
    </section>
    <section
      aria-label="Your answer"
      class="flex flex-1 flex-col p-gutter"
    >
      <form
        action="javascript:throw new Error('A React form was unexpectedly submitted. If you called form.submit() manually, consider using form.requestSubmit() instead. If you\\'re trying to use event.stopPropagation() in a submit event handler, consider also calling event.preventDefault().')"
        class="flex flex-1 flex-col rounded-xl border border-outline-variant bg-surface-container-lowest"
      >
        <input
          name="sessionId"
          type="hidden"
          value="sess-1"
        />
        <input
          name="questionId"
          type="hidden"
          value="q0"
        />
        <input
          name="durationSeconds"
          type="hidden"
          value="0"
        />
        <div
          class="flex items-center justify-between gap-2 border-b border-outline-variant bg-surface px-4 py-3"
        >
          <label
            class="text-label-caps uppercase tracking-wide text-on-surface-variant"
            for="answer-transcript"
          >
            Your answer
          </label>
          <span
            class="flex items-center gap-1.5 text-label-caps uppercase tracking-wide text-on-surface-variant"
          >
            <svg
              aria-hidden="true"
              class="lucide lucide-mic-off size-4"
              fill="none"
              height="24"
              stroke="currentColor"
              stroke-linecap="round"
              stroke-linejoin="round"
              stroke-width="2"
              viewBox="0 0 24 24"
              width="24"
              xmlns="http://www.w3.org/2000/svg"
            >
              <path
                d="M12 19v3"
              />
              <path
                d="M15 9.34V5a3 3 0 0 0-5.68-1.33"
              />
              <path
                d="M16.95 16.95A7 7 0 0 1 5 12v-2"
              />
              <path
                d="M18.89 13.23A7 7 0 0 0 19 12v-2"
              />
              <path
                d="m2 2 20 20"
              />
              <path
                d="M9 9v3a3 3 0 0 0 5.12 2.12"
              />
            </svg>
            Type your answer
          </span>
        </div>
        <textarea
          class="min-h-48 flex-1 resize-none bg-transparent p-6 text-body-lg text-on-surface placeholder:text-outline focus:outline-none"
          id="answer-transcript"
          name="transcript"
          placeholder="Answer with specifics — your contribution, the method, tradeoffs, and measured results."
        />
        <div
          aria-live="polite"
          class="flex min-h-6 items-center gap-2 px-6 text-label-caps uppercase tracking-wide text-primary"
        />
        <div
          class="flex items-center justify-between gap-2 border-t border-outline-variant bg-surface px-4 py-3"
        >
          <span
            class="text-mono-label text-on-surface-variant"
          >
            Speech-first · typing always works
          </span>
          <button
            class="inline-flex items-center justify-center gap-2 rounded font-medium transition-colors focus-visible:outline-none focus-visible:ring-2 focus-visible:ring-primary focus-visible:ring-offset-2 focus-visible:ring-offset-surface disabled:pointer-events-none disabled:opacity-50 bg-primary-container hover:bg-primary h-10 px-4 text-body-md"
            type="submit"
          >
            Submit answer
          </button>
        </div>
      </form>
    </section>
    <aside
      aria-label="Evidence and notes"
      class="w-[360px] overflow-y-auto border-l border-outline-variant bg-surface-container-lowest p-gutter"
    >
      <h2
        class="sr-only"
      >
        Evidence and notes
      </h2>
      <div
        class="flex flex-col gap-8"
      >
        <section>
          <h3
            class="mb-2 flex items-center gap-2 text-label-caps uppercase tracking-wide text-on-surface-variant"
          >
            <svg
              aria-hidden="true"
              class="lucide lucide-clipboard-check size-4"
              fill="none"
              height="24"
              stroke="currentColor"
              stroke-linecap="round"
              stroke-linejoin="round"
              stroke-width="2"
              viewBox="0 0 24 24"
              width="24"
              xmlns="http://www.w3.org/2000/svg"
            >
              <rect
                height="4"
                rx="1"
                ry="1"
                width="8"
                x="8"
                y="2"
              />
              <path
                d="M16 4h2a2 2 0 0 1 2 2v14a2 2 0 0 1-2 2H6a2 2 0 0 1-2-2V6a2 2 0 0 1 2-2h2"
              />
              <path
                d="m9 14 2 2 4-4"
              />
            </svg>
            Target claim
          </h3>
          <div
            class="relative rounded border border-evidence/30 bg-evidence/15 p-3"
          >
            <span
              aria-hidden="true"
              class="absolute inset-y-0 left-0 w-1 rounded-l bg-evidence"
            />
            <p
              class="ml-2 font-medium text-body-md text-on-evidence"
            >
              “
              Built a realtime pipeline
              ”
            </p>
          </div>
          <p
            class="mt-2 text-mono-label text-on-surface-variant"
          >
            Probing focus: 
            Objective 0
          </p>
        </section>
        <section>
          <h3
            class="mb-3 text-label-caps uppercase tracking-wide text-on-surface-variant"
            id="required-evidence-heading"
          >
            Required evidence
          </h3>
          <ul
            aria-labelledby="required-evidence-heading"
            class="flex flex-col gap-2"
          >
            <li
              class="flex items-start gap-2 rounded border border-outline-variant p-3"
            >
              <svg
                aria-hidden="true"
                class="lucide lucide-circle-dashed mt-0.5 size-4 shrink-0 text-on-surface-variant"
                fill="none"
                height="24"
                stroke="currentColor"
                stroke-linecap="round"
                stroke-linejoin="round"
                stroke-width="2"
                viewBox="0 0 24 24"
                width="24"
                xmlns="http://www.w3.org/2000/svg"
              >
                <path
                  d="M10.1 2.182a10 10 0 0 1 3.8 0"
                />
                <path
                  d="M13.9 21.818a10 10 0 0 1-3.8 0"
                />
                <path
                  d="M17.609 3.721a10 10 0 0 1 2.69 2.7"
                />
                <path
                  d="M2.182 13.9a10 10 0 0 1 0-3.8"
                />
                <path
                  d="M20.279 17.609a10 10 0 0 1-2.7 2.69"
                />
                <path
                  d="M21.818 10.1a10 10 0 0 1 0 3.8"
                />
                <path
                  d="M3.721 6.391a10 10 0 0 1 2.7-2.69"
                />
                <path
                  d="M6.391 20.279a10 10 0 0 1-2.69-2.7"
                />
              </svg>
              <span
                class="flex-1 text-body-md text-on-surface"
              >
                Gives a baseline
              </span>
              <span
                class="sr-only"
              >
                Outstanding
              </span>
            </li>
            <li
              class="flex items-start gap-2 rounded border border-outline-variant p-3"
            >
              <svg
                aria-hidden="true"
                class="lucide lucide-circle-dashed mt-0.5 size-4 shrink-0 text-on-surface-variant"
                fill="none"
                height="24"
                stroke="currentColor"
                stroke-linecap="round"
                stroke-linejoin="round"
                stroke-width="2"
                viewBox="0 0 24 24"
                width="24"
                xmlns="http://www.w3.org/2000/svg"
              >
                <path
                  d="M10.1 2.182a10 10 0 0 1 3.8 0"
                />
                <path
                  d="M13.9 21.818a10 10 0 0 1-3.8 0"
                />
                <path
                  d="M17.609 3.721a10 10 0 0 1 2.69 2.7"
                />
                <path
                  d="M2.182 13.9a10 10 0 0 1 0-3.8"
                />
                <path
                  d="M20.279 17.609a10 10 0 0 1-2.7 2.69"
                />
                <path
                  d="M21.818 10.1a10 10 0 0 1 0 3.8"
                />
                <path
                  d="M3.721 6.391a10 10 0 0 1 2.7-2.69"
                />
                <path
                  d="M6.391 20.279a10 10 0 0 1-2.69-2.7"
                />
              </svg>
              <span
                class="flex-1 text-body-md text-on-surface"
              >
                Names a tradeoff
              </span>
              <span
                class="sr-only"
              >
                Outstanding
              </span>
            </li>
          </ul>
        </section>
        <section>
          <h3
            class="mb-2 text-label-caps uppercase tracking-wide text-on-surface-variant"
          >
            Interviewer notes
          </h3>
          <p
            class="text-body-md italic text-on-surface-variant"
          >
            Waiting for your response — listening for contribution, method, and tradeoffs.
          </p>
        </section>
      </div>
    </aside>
  </main>
</div>
`;
